PHPUnit 5.7.27 by Sebastian Bergmann and contributors.

s\AppBundle\Controller\Authorization
 [x] User pages access denied for non admin
 [x] User pages access allowed for admin
 [x] User can only delete own tasks
 [x] User can delete own tasks
 [x] Admin can delete any task
 [x] Anonymous task can only be deleted by admin
 [x] Admin can delete anonymous task

s\AppBundle\Controller\DefaultController
 [ ] Index

s\AppBundle\Controller\TaskController
 [x] Task author is automatically assigned
 [x] Task author cannot be modified
 [x] Toggle task
 [x] Delete task

s\AppBundle\Controller\UserController
 [x] Create user with role
 [x] Edit user role


Remaining deprecation notices (95)

The "Doctrine\Common\Inflector\Inflector::classify" method is deprecated and will be dropped in doctrine/inflector 2.0. Please update to the new Inflector API: 65x
    37x in AuthorizationTest::tearDown from Tests\AppBundle\Controller
    12x in TaskControllerTest::tearDown from Tests\AppBundle\Controller
    6x in UserControllerTest::tearDown from Tests\AppBundle\Controller
    2x in TaskControllerTest::testTaskAuthorIsAutomaticallyAssigned from Tests\AppBundle\Controller
    2x in TaskControllerTest::testDeleteTask from Tests\AppBundle\Controller
    2x in UserControllerTest::testCreateUserWithRole from Tests\AppBundle\Controller
    2x in UserControllerTest::testEditUserRole from Tests\AppBundle\Controller
    1x in TaskControllerTest::testTaskAuthorCannotBeModified from Tests\AppBundle\Controller
    1x in TaskControllerTest::testToggleTask from Tests\AppBundle\Controller

Creating Doctrine\ORM\Mapping\UnderscoreNamingStrategy without making it number aware is deprecated and will be removed in Doctrine ORM 3.0: 24x
    7x in AuthorizationTest::setUp from Tests\AppBundle\Controller
    4x in TaskControllerTest::setUp from Tests\AppBundle\Controller
    2x in TaskControllerTest::testTaskAuthorIsAutomaticallyAssigned from Tests\AppBundle\Controller
    2x in TaskControllerTest::testTaskAuthorCannotBeModified from Tests\AppBundle\Controller
    2x in UserControllerTest::setUp from Tests\AppBundle\Controller
    2x in UserControllerTest::testCreateUserWithRole from Tests\AppBundle\Controller
    2x in UserControllerTest::testEditUserRole from Tests\AppBundle\Controller
    1x in AuthorizationTest::testUserCanDeleteOwnTasks from Tests\AppBundle\Controller
    1x in AuthorizationTest::testAdminCanDeleteAnyTask from Tests\AppBundle\Controller
    1x in AuthorizationTest::testAdminCanDeleteAnonymousTask from Tests\AppBundle\Controller

Using the "Twig_Environment" class is deprecated since Twig version 2.7, use "Twig\Environment" instead: 1x
    1x in AuthorizationTest::testUserPagesAccessDeniedForNonAdmin from Tests\AppBundle\Controller

Using the "Twig_Loader_Filesystem" class is deprecated since Twig version 2.7, use "Twig\Loader\FilesystemLoader" instead: 1x
    1x in AuthorizationTest::testUserPagesAccessDeniedForNonAdmin from Tests\AppBundle\Controller

Using the "Twig_Extension_Profiler" class is deprecated since Twig version 2.7, use "Twig\Extension\ProfilerExtension" instead: 1x
    1x in AuthorizationTest::testUserPagesAccessDeniedForNonAdmin from Tests\AppBundle\Controller

Using the "Twig_BaseNodeVisitor" class is deprecated since Twig version 2.7, use "Twig\NodeVisitor\AbstractNodeVisitor" instead: 1x
    1x in AuthorizationTest::testUserPagesAccessDeniedForNonAdmin from Tests\AppBundle\Controller

Using the "Twig_Extension_Debug" class is deprecated since Twig version 2.7, use "Twig\Extension\DebugExtension" instead: 1x
    1x in AuthorizationTest::testUserPagesAccessDeniedForNonAdmin from Tests\AppBundle\Controller

Using the "Twig_Extension_InitRuntimeInterface" class is deprecated since Twig version 2.7, use "Twig\Extension\InitRuntimeInterface" instead: 1x
    1x in AuthorizationTest::testUserPagesAccessDeniedForNonAdmin from Tests\AppBundle\Controller

